L01            L01-a-0.92.wav          1.46   0.97 | लौकी ने नोट कर लिया है।
L02            L02-a-1.wav             2.19      1 | राजमा, राजमा हो गया
L03            L03-a-1.wav             3.09      1 | घर रात को तय करता है वरना लौकी
L04            L04-a-1.wav             5.22  0.981 | हमारे घर में रोज एक ही सवाल होता है और एक ही इंसान उसका जवाब देती है
L05            L05-b-1.wav             2.65      1 | तो मैंने सोचा अब किसी और की बारी
L06            L06-a-1.wav             0.48      1 | मेरी
L07            L07-a-1.wav             6.05      1 | पापा के लिए आलू और तेल नहीं, मम्मी के लिए मीठा कम और नवरात्रि में व्रत का खाना।
L08            L08-a-1.wav             0.37      1 | मैं
L09            L09-a-1.wav             5.31  0.962 | 2 ऑप्शन हैं, राजमा चावल या लौकी चना दाल, आप सब आपस में बात करके बताइए।
L10a           L10a-a-1.wav            0.51      1 | राजमा
L10b           L10b-a-1.wav            0.82      1 | रामेन
L10c           L10c-b-1.wav            1.81  0.955 | पिछले हफ्ते भी तो राजमा था
L10d           L10d-a-1.wav            1.09      1 | पास्ता बना लो ना
L11            L11-a-1.08.wav          1.61  0.893 | तो राजमा फाइनल
L11b-papa      L11b-papa-a-1.wav       0.29      1 | हाँ
L11b-behen     L11b-behen-a-1.wav      0.42      1 | हाँ
L11b-mummy     L11b-mummy-a-1.wav      0.62      1 | हाँ
L11b-vinay     L11b-vinay-a-1.wav      0.47      1 | हाँ
L12            L12-a-1.wav             0.45      1 | पक्का
L13            L13-b-1.wav             2.08      1 | आज राजमा भिगोने की बारी विनय की
L14            L14-b-1.wav             0.44      1 | मैं
L15            L15-a-1.wav             3.19  0.679 | सेटअप मैंने किया और बिल, मुझे ही आया।
L16            L16-a-1.wav             2.10      1 | हर रुपये का हिसाब वजह के साथ
L17            L17-a-1.wav             2.04  0.737 | 4 लोग प्याज़ 2 ही हैं।
L18            L18-a-1.wav             2.46      1 | आपने सुबह कुछ नहीं किया, यही तो प्लान था।
L19            L19-a-1.wav             3.11      1 | अच्छा तो अब मेरी बारी आराम की
L20            L20-a-1.wav             1.65      1 | आज की बारी आपकी
