assets/vo/takes/L01-a-0.92.wav Chitra 1.74
assets/vo/takes/L01-a-1.wav Chitra 1.52
assets/vo/takes/L01-a-1.08.wav Chitra 1.41
assets/vo/takes/L01-b-0.92.wav Chitra 2.52
assets/vo/takes/L01-b-1.wav Chitra 2.16
assets/vo/takes/L01-b-1.08.wav Chitra 1.93
assets/vo/takes/L02-a-0.92.wav Jalaj 3.30
assets/vo/takes/L02-a-1.wav Jalaj 2.40
assets/vo/takes/L02-a-1.08.wav Jalaj 2.22
assets/vo/takes/L02-b-0.92.wav Jalaj 2.96
assets/vo/takes/L02-b-1.wav Jalaj 2.72
assets/vo/takes/L02-b-1.08.wav Jalaj 2.00
assets/vo/takes/L03-a-0.92.wav Chitra 3.57
assets/vo/takes/L03-a-1.wav Chitra 3.36
assets/vo/takes/L03-a-1.08.wav Chitra 3.33
assets/vo/takes/L03-b-0.92.wav Chitra 3.30
assets/vo/takes/L03-b-1.wav Chitra 3.12
assets/vo/takes/L03-b-1.08.wav Chitra 2.89
assets/vo/takes/L04-a-0.92.wav Jalaj 6.26
assets/vo/takes/L04-a-1.wav Jalaj 5.44
assets/vo/takes/L04-a-1.08.wav Jalaj 5.11
assets/vo/takes/L04-b-0.92.wav Jalaj 6.43
assets/vo/takes/L04-b-1.wav Jalaj 5.60
assets/vo/takes/L04-b-1.08.wav Jalaj 5.33
assets/vo/takes/L05-a-0.92.wav Jalaj 2.61
assets/vo/takes/L05-a-1.wav Jalaj 2.56
assets/vo/takes/L05-a-1.08.wav Jalaj 2.30
assets/vo/takes/L05-b-0.92.wav Jalaj 2.96
assets/vo/takes/L05-b-1.wav Jalaj 2.96
assets/vo/takes/L05-b-1.08.wav Jalaj 2.67
assets/vo/takes/L06-a-0.92.wav Chitra 0.78
assets/vo/takes/L06-a-1.wav Chitra 0.80
assets/vo/takes/L06-a-1.08.wav Chitra 0.74
assets/vo/takes/L06-b-0.92.wav Chitra 0.96
assets/vo/takes/L06-b-1.wav Chitra 0.72
assets/vo/takes/L06-b-1.08.wav Chitra 0.74
assets/vo/takes/L07-a-0.92.wav Jalaj 6.78
assets/vo/takes/L07-a-1.wav Jalaj 6.08
assets/vo/takes/L07-a-1.08.wav Jalaj 5.78
assets/vo/takes/L07-b-0.92.wav Jalaj 7.74
assets/vo/takes/L07-b-1.wav Jalaj 7.12
assets/vo/takes/L07-b-1.08.wav Jalaj 6.59
assets/vo/takes/L09-a-0.92.wav Chitra 5.57
assets/vo/takes/L09-a-1.wav Chitra 5.60
assets/vo/takes/L09-a-1.08.wav Chitra 4.89
assets/vo/takes/L09-b-0.92.wav Chitra 6.09
assets/vo/takes/L09-b-1.wav Chitra 5.52
assets/vo/takes/L09-b-1.08.wav Chitra 5.26
assets/vo/takes/L10a-a-0.92.wav Hemraj 0.78
assets/vo/takes/L10a-a-1.wav Hemraj 0.72
assets/vo/takes/L10a-a-1.08.wav Hemraj 0.67
assets/vo/takes/L10a-b-0.92.wav Hemraj 1.48
assets/vo/takes/L10a-b-1.wav Hemraj 1.20
assets/vo/takes/L10a-b-1.08.wav Hemraj 1.19
assets/vo/takes/L10b-a-0.92.wav Yashvi 1.04
assets/vo/takes/L10b-a-1.wav Yashvi 1.04
assets/vo/takes/L10b-a-1.08.wav Yashvi 0.81
assets/vo/takes/L10b-b-0.92.wav Yashvi 2.00
assets/vo/takes/L10b-b-1.wav Yashvi 1.44
assets/vo/takes/L10b-b-1.08.wav Yashvi 1.70
assets/vo/takes/L10c-a-0.92.wav Ambuja 2.09
assets/vo/takes/L10c-a-1.wav Ambuja 1.92
assets/vo/takes/L10c-a-1.08.wav Ambuja 1.78
assets/vo/takes/L10c-b-0.92.wav Ambuja 2.17
assets/vo/takes/L10c-b-1.wav Ambuja 2.00
assets/vo/takes/L10c-b-1.08.wav Ambuja 1.85
assets/vo/takes/L10d-a-0.92.wav Jalaj 1.30
assets/vo/takes/L10d-a-1.wav Jalaj 1.28
assets/vo/takes/L10d-a-1.08.wav Jalaj 1.11
assets/vo/takes/L10d-b-0.92.wav Jalaj 2.09
assets/vo/takes/L10d-b-1.wav Jalaj 2.00
assets/vo/takes/L10d-b-1.08.wav Jalaj 2.00
assets/vo/takes/L11-a-0.92.wav Chitra 4.09
assets/vo/takes/L11-a-1.wav Chitra 3.76
assets/vo/takes/L11-a-1.08.wav Chitra 1.78
assets/vo/takes/L11-b-0.92.wav Chitra 1.83
assets/vo/takes/L11-b-1.wav Chitra 1.76
assets/vo/takes/L11-b-1.08.wav Chitra 1.70
assets/vo/takes/L11b-papa-a-0.92.wav Hemraj 0.70
assets/vo/takes/L11b-papa-a-1.wav Hemraj 0.48
assets/vo/takes/L11b-papa-a-1.08.wav Hemraj 0.59
assets/vo/takes/L11b-papa-b-0.92.wav Hemraj 0.70
assets/vo/takes/L11b-papa-b-1.wav Hemraj 0.64
assets/vo/takes/L11b-papa-b-1.08.wav Hemraj 0.59
assets/vo/takes/L11b-behen-a-0.92.wav Yashvi 0.87
assets/vo/takes/L11b-behen-a-1.wav Yashvi 0.72
assets/vo/takes/L11b-behen-a-1.08.wav Yashvi 0.67
assets/vo/takes/L11b-behen-b-0.92.wav Yashvi 0.78
assets/vo/takes/L11b-behen-b-1.wav Yashvi 0.88
assets/vo/takes/L11b-behen-b-1.08.wav Yashvi 0.67
assets/vo/takes/L11b-mummy-a-0.92.wav Ambuja 0.96
assets/vo/takes/L11b-mummy-a-1.wav Ambuja 0.88
assets/vo/takes/L11b-mummy-a-1.08.wav Ambuja 0.81
assets/vo/takes/L11b-mummy-b-0.92.wav Ambuja 1.04
assets/vo/takes/L11b-mummy-b-1.wav Ambuja 1.20
assets/vo/takes/L11b-mummy-b-1.08.wav Ambuja 0.96
assets/vo/takes/L11b-vinay-a-0.92.wav Jalaj 0.87
assets/vo/takes/L11b-vinay-a-1.wav Jalaj 0.72
assets/vo/takes/L11b-vinay-a-1.08.wav Jalaj 0.67
assets/vo/takes/L11b-vinay-b-0.92.wav Jalaj 0.87
assets/vo/takes/L11b-vinay-b-1.wav Jalaj 0.88
assets/vo/takes/L11b-vinay-b-1.08.wav Jalaj 0.74
assets/vo/takes/L12-a-0.92.wav Chitra 0.78
assets/vo/takes/L12-a-1.wav Chitra 0.72
assets/vo/takes/L12-a-1.08.wav Chitra 0.67
assets/vo/takes/L12-b-0.92.wav Chitra 0.87
assets/vo/takes/L12-b-1.wav Chitra 0.72
assets/vo/takes/L12-b-1.08.wav Chitra 0.67
assets/vo/takes/L13-a-0.92.wav Chitra 2.87
assets/vo/takes/L13-a-1.wav Chitra 2.56
assets/vo/takes/L13-a-1.08.wav Chitra 2.67
assets/vo/takes/L13-b-0.92.wav Chitra 2.61
assets/vo/takes/L13-b-1.wav Chitra 2.08
assets/vo/takes/L13-b-1.08.wav Chitra 2.22
assets/vo/takes/L15-a-0.92.wav Jalaj 2.70
assets/vo/takes/L15-a-1.wav Jalaj 2.64
assets/vo/takes/L15-a-1.08.wav Jalaj 2.44
assets/vo/takes/L15-b-0.92.wav Jalaj 2.78
assets/vo/takes/L15-b-1.wav Jalaj 2.72
assets/vo/takes/L15-b-1.08.wav Jalaj 2.59
assets/vo/takes/L16-a-0.92.wav Chitra 2.61
assets/vo/takes/L16-a-1.wav Chitra 2.40
assets/vo/takes/L16-a-1.08.wav Chitra 2.15
assets/vo/takes/L16-b-0.92.wav Chitra 2.87
assets/vo/takes/L16-b-1.wav Chitra 2.32
assets/vo/takes/L16-b-1.08.wav Chitra 2.37
assets/vo/takes/L17-a-0.92.wav Bhavna 2.43
assets/vo/takes/L17-a-1.wav Bhavna 2.32
assets/vo/takes/L17-a-1.08.wav Bhavna 2.22
assets/vo/takes/L17-b-0.92.wav Bhavna 2.70
assets/vo/takes/L17-b-1.wav Bhavna 2.48
assets/vo/takes/L17-b-1.08.wav Bhavna 2.44
assets/vo/takes/L18-a-0.92.wav Chitra 2.96
assets/vo/takes/L18-a-1.wav Chitra 2.64
assets/vo/takes/L18-a-1.08.wav Chitra 2.44
assets/vo/takes/L18-b-0.92.wav Chitra 2.87
assets/vo/takes/L18-b-1.wav Chitra 2.96
assets/vo/takes/L18-b-1.08.wav Chitra 2.59
assets/vo/takes/L19-a-0.92.wav Ambuja 3.91
assets/vo/takes/L19-a-1.wav Ambuja 3.36
assets/vo/takes/L19-a-1.08.wav Ambuja 3.11
assets/vo/takes/L19-b-0.92.wav Ambuja 3.04
assets/vo/takes/L19-b-1.wav Ambuja 3.36
assets/vo/takes/L19-b-1.08.wav Ambuja 2.67
assets/vo/takes/L20-a-0.92.wav Chitra 1.83
assets/vo/takes/L20-a-1.wav Chitra 1.92
assets/vo/takes/L20-a-1.08.wav Chitra 1.56
assets/vo/takes/L20-b-0.92.wav Chitra 2.09
assets/vo/takes/L20-b-1.wav Chitra 1.84
assets/vo/takes/L20-b-1.08.wav Chitra 1.70
150 new takes, 162 total
